[
    {
        "date": {
            "date": "2025-02-21 18:01:00.000000",
            "timezone_type": 2,
            "timezone": "Z"
        },
        "sysTime": {
            "date": "2025-02-21 18:01:00.000000",
            "timezone_type": 2,
            "timezone": "Z"
        },
        "type": "sgv",
        "sgv": 179,
        "delta": 12,
        "direction": "SingleUp",
        "noise": 1,
        "rssi": 100,
        "filtered": 0,
        "unfiltered": 0,
        "device": "xDrip-CLFollower CareLink Follow",
        "id": "67b8bf7edfd24ab081e0bbd8"
    },
    {
        "date": {
            "date": "2025-02-21 17:56:00.000000",
            "timezone_type": 2,
            "timezone": "Z"
        },
        "sysTime": {
            "date": "2025-02-21 17:56:00.000000",
            "timezone_type": 2,
            "timezone": "Z"
        },
        "type": "sgv",
        "sgv": 167,
        "delta": 8,
        "direction": "FortyFiveUp",
        "noise": 1,
        "rssi": 100,
        "filtered": 0,
        "unfiltered": 0,
        "device": "xDrip-CLFollower CareLink Follow",
        "id": "67b8be50dfd24ab081e0ba7d"
    },
    {
        "date": {
            "date": "2025-02-21 17:46:00.000000",
            "timezone_type": 2,
            "timezone": "Z"
        },
        "sysTime": {
            "date": "2025-02-21 17:46:00.000000",
            "timezone_type": 2,
            "timezone": "Z"
        },
        "type": "sgv",
        "sgv": 149,
        "delta": 10,
        "direction": "SingleUp",
        "noise": 1,
        "rssi": 100,
        "filtered": 0,
        "unfiltered": 0,
        "device": "xDrip-CLFollower CareLink Follow",
        "id": "67b8bce9dfd24ab081e0b8e5"
    },
    {
        "date": {
            "date": "2025-02-21 17:41:00.000000",
            "timezone_type": 2,
            "timezone": "Z"
        },
        "sysTime": {
            "date": "2025-02-21 17:41:00.000000",
            "timezone_type": 2,
            "timezone": "Z"
        },
        "type": "sgv",
        "sgv": 137,
        "delta": 7,
        "direction": "FortyFiveUp",
        "noise": 1,
        "rssi": 100,
        "filtered": 0,
        "unfiltered": 0,
        "device": "xDrip-CLFollower CareLink Follow",
        "id": "67b8bacedfd24ab081e0b75e"
    },
    {
        "date": {
            "date": "2025-02-21 17:36:00.000000",
            "timezone_type": 2,
            "timezone": "Z"
        },
        "sysTime": {
            "date": "2025-02-21 17:36:00.000000",
            "timezone_type": 2,
            "timezone": "Z"
        },
        "type": "sgv",
        "sgv": 130,
        "delta": 8,
        "direction": "FortyFiveUp",
        "noise": 1,
        "rssi": 100,
        "filtered": 0,
        "unfiltered": 0,
        "device": "xDrip-CLFollower CareLink Follow",
        "id": "67b8b9a2dfd24ab081e0b6be"
    },
    {
        "date": {
            "date": "2025-02-21 17:31:00.000000",
            "timezone_type": 2,
            "timezone": "Z"
        },
        "sysTime": {
            "date": "2025-02-21 17:31:00.000000",
            "timezone_type": 2,
            "timezone": "Z"
        },
        "type": "sgv",
        "sgv": 122,
        "delta": 8,
        "direction": "FortyFiveUp",
        "noise": 1,
        "rssi": 100,
        "filtered": 0,
        "unfiltered": 0,
        "device": "xDrip-CLFollower CareLink Follow",
        "id": "67b8b875dfd24ab081e0b5cd"
    },
    {
        "date": {
            "date": "2025-02-21 17:21:00.000000",
            "timezone_type": 2,
            "timezone": "Z"
        },
        "sysTime": {
            "date": "2025-02-21 17:21:00.000000",
            "timezone_type": 2,
            "timezone": "Z"
        },
        "type": "sgv",
        "sgv": 112,
        "delta": 2,
        "direction": "SingleUp",
        "noise": 1,
        "rssi": 100,
        "filtered": 0,
        "unfiltered": 0,
        "device": "xDrip-CLFollower CareLink Follow",
        "id": "67b8b70fdfd24ab081e0b517"
    },
    {
        "date": {
            "date": "2025-02-21 17:16:00.000000",
            "timezone_type": 2,
            "timezone": "Z"
        },
        "sysTime": {
            "date": "2025-02-21 17:16:00.000000",
            "timezone_type": 2,
            "timezone": "Z"
        },
        "type": "sgv",
        "sgv": 101,
        "delta": 4,
        "direction": "Flat",
        "noise": 1,
        "rssi": 100,
        "filtered": 0,
        "unfiltered": 0,
        "device": "xDrip-CLFollower CareLink Follow",
        "id": "67b8b4f2dfd24ab081e0b319"
    },
    {
        "date": {
            "date": "2025-02-21 17:11:00.000000",
            "timezone_type": 2,
            "timezone": "Z"
        },
        "sysTime": {
            "date": "2025-02-21 17:11:00.000000",
            "timezone_type": 2,
            "timezone": "Z"
        },
        "type": "sgv",
        "sgv": 97,
        "delta": 17,
        "direction": "SingleUp",
        "noise": 1,
        "rssi": 100,
        "filtered": 0,
        "unfiltered": 0,
        "device": "xDrip-CLFollower CareLink Follow",
        "id": "67b8b3c5dfd24ab081e0b1b7"
    },
    {
        "date": {
            "date": "2025-02-21 17:06:00.000000",
            "timezone_type": 2,
            "timezone": "Z"
        },
        "sysTime": {
            "date": "2025-02-21 17:06:00.000000",
            "timezone_type": 2,
            "timezone": "Z"
        },
        "type": "sgv",
        "sgv": 80,
        "delta": 10,
        "direction": "FortyFiveUp",
        "noise": 1,
        "rssi": 100,
        "filtered": 0,
        "unfiltered": 0,
        "device": "xDrip-CLFollower CareLink Follow",
        "id": "67b8b298dfd24ab081e0b0e7"
    }
]
